###############################################################################
#
# IAR ELF Linker V8.22.1.15669/W32 for ARM                19/Mar/2018  17:30:41
# Copyright 2007-2018 IAR Systems AB.
#
#    Output file  =  
#        J:\STM32\STM32F4\STM32F429xxxProject\EWARM\STM32F429xxxProject\Exe\STM32F429xxxProject.out
#    Map file     =  
#        J:\STM32\STM32F4\STM32F429xxxProject\EWARM\STM32F429xxxProject\List\STM32F429xxxProject.map
#    Command line =  
#        -f C:\Users\Harry\AppData\Local\Temp\EW8FAC.tmp
#        (J:\STM32\STM32F4\STM32F429xxxProject\EWARM\STM32F429xxxProject\Obj\ad5593_cfg.o
#        J:\STM32\STM32F4\STM32F429xxxProject\EWARM\STM32F429xxxProject\Obj\ad5593_lib.o
#        J:\STM32\STM32F4\STM32F429xxxProject\EWARM\STM32F429xxxProject\Obj\ad5593_task.o
#        J:\STM32\STM32F4\STM32F429xxxProject\EWARM\STM32F429xxxProject\Obj\complier_cfg.o
#        J:\STM32\STM32F4\STM32F429xxxProject\EWARM\STM32F429xxxProject\Obj\complier_lib.o
#        J:\STM32\STM32F4\STM32F429xxxProject\EWARM\STM32F429xxxProject\Obj\debug_cfg.o
#        J:\STM32\STM32F4\STM32F429xxxProject\EWARM\STM32F429xxxProject\Obj\debug_lib.o
#        J:\STM32\STM32F4\STM32F429xxxProject\EWARM\STM32F429xxxProject\Obj\debug_task.o
#        J:\STM32\STM32F4\STM32F429xxxProject\EWARM\STM32F429xxxProject\Obj\delay_lib.o
#        J:\STM32\STM32F4\STM32F429xxxProject\EWARM\STM32F429xxxProject\Obj\eeprom_cfg.o
#        J:\STM32\STM32F4\STM32F429xxxProject\EWARM\STM32F429xxxProject\Obj\eeprom_lib.o
#        J:\STM32\STM32F4\STM32F429xxxProject\EWARM\STM32F429xxxProject\Obj\eeprom_task.o
#        J:\STM32\STM32F4\STM32F429xxxProject\EWARM\STM32F429xxxProject\Obj\gpio_cfg.o
#        J:\STM32\STM32F4\STM32F429xxxProject\EWARM\STM32F429xxxProject\Obj\gpio_lib.o
#        J:\STM32\STM32F4\STM32F429xxxProject\EWARM\STM32F429xxxProject\Obj\gpio_task.o
#        J:\STM32\STM32F4\STM32F429xxxProject\EWARM\STM32F429xxxProject\Obj\hvpp_cfg.o
#        J:\STM32\STM32F4\STM32F429xxxProject\EWARM\STM32F429xxxProject\Obj\hvpp_lib.o
#        J:\STM32\STM32F4\STM32F429xxxProject\EWARM\STM32F429xxxProject\Obj\hvpp_task.o
#        J:\STM32\STM32F4\STM32F429xxxProject\EWARM\STM32F429xxxProject\Obj\hvsp_cfg.o
#        J:\STM32\STM32F4\STM32F429xxxProject\EWARM\STM32F429xxxProject\Obj\hvsp_lib.o
#        J:\STM32\STM32F4\STM32F429xxxProject\EWARM\STM32F429xxxProject\Obj\hvsp_task.o
#        J:\STM32\STM32F4\STM32F429xxxProject\EWARM\STM32F429xxxProject\Obj\iic_cfg.o
#        J:\STM32\STM32F4\STM32F429xxxProject\EWARM\STM32F429xxxProject\Obj\iic_lib.o
#        J:\STM32\STM32F4\STM32F429xxxProject\EWARM\STM32F429xxxProject\Obj\iic_task.o
#        J:\STM32\STM32F4\STM32F429xxxProject\EWARM\STM32F429xxxProject\Obj\iwdg_cfg.o
#        J:\STM32\STM32F4\STM32F429xxxProject\EWARM\STM32F429xxxProject\Obj\iwdg_lib.o
#        J:\STM32\STM32F4\STM32F429xxxProject\EWARM\STM32F429xxxProject\Obj\iwdg_task.o
#        J:\STM32\STM32F4\STM32F429xxxProject\EWARM\STM32F429xxxProject\Obj\led_cfg.o
#        J:\STM32\STM32F4\STM32F429xxxProject\EWARM\STM32F429xxxProject\Obj\led_lib.o
#        J:\STM32\STM32F4\STM32F429xxxProject\EWARM\STM32F429xxxProject\Obj\led_task.o
#        J:\STM32\STM32F4\STM32F429xxxProject\EWARM\STM32F429xxxProject\Obj\main.o
#        J:\STM32\STM32F4\STM32F429xxxProject\EWARM\STM32F429xxxProject\Obj\nvsp_cfg.o
#        J:\STM32\STM32F4\STM32F429xxxProject\EWARM\STM32F429xxxProject\Obj\nvsp_lib.o
#        J:\STM32\STM32F4\STM32F429xxxProject\EWARM\STM32F429xxxProject\Obj\nvsp_task.o
#        J:\STM32\STM32F4\STM32F429xxxProject\EWARM\STM32F429xxxProject\Obj\one_wire_cfg.o
#        J:\STM32\STM32F4\STM32F429xxxProject\EWARM\STM32F429xxxProject\Obj\one_wire_lib.o
#        J:\STM32\STM32F4\STM32F429xxxProject\EWARM\STM32F429xxxProject\Obj\one_wire_task.o
#        J:\STM32\STM32F4\STM32F429xxxProject\EWARM\STM32F429xxxProject\Obj\random_cfg.o
#        J:\STM32\STM32F4\STM32F429xxxProject\EWARM\STM32F429xxxProject\Obj\random_lib.o
#        J:\STM32\STM32F4\STM32F429xxxProject\EWARM\STM32F429xxxProject\Obj\random_task.o
#        J:\STM32\STM32F4\STM32F429xxxProject\EWARM\STM32F429xxxProject\Obj\spi_cfg.o
#        J:\STM32\STM32F4\STM32F429xxxProject\EWARM\STM32F429xxxProject\Obj\spi_lib.o
#        J:\STM32\STM32F4\STM32F429xxxProject\EWARM\STM32F429xxxProject\Obj\spi_task.o
#        J:\STM32\STM32F4\STM32F429xxxProject\EWARM\STM32F429xxxProject\Obj\startup_stm32f429xx.o
#        J:\STM32\STM32F4\STM32F429xxxProject\EWARM\STM32F429xxxProject\Obj\stm32f4xx_it.o
#        J:\STM32\STM32F4\STM32F429xxxProject\EWARM\STM32F429xxxProject\Obj\stm32f4xx_ll_adc.o
#        J:\STM32\STM32F4\STM32F429xxxProject\EWARM\STM32F429xxxProject\Obj\stm32f4xx_ll_crc.o
#        J:\STM32\STM32F4\STM32F429xxxProject\EWARM\STM32F429xxxProject\Obj\stm32f4xx_ll_dac.o
#        J:\STM32\STM32F4\STM32F429xxxProject\EWARM\STM32F429xxxProject\Obj\stm32f4xx_ll_dma.o
#        J:\STM32\STM32F4\STM32F429xxxProject\EWARM\STM32F429xxxProject\Obj\stm32f4xx_ll_dma2d.o
#        J:\STM32\STM32F4\STM32F429xxxProject\EWARM\STM32F429xxxProject\Obj\stm32f4xx_ll_exti.o
#        J:\STM32\STM32F4\STM32F429xxxProject\EWARM\STM32F429xxxProject\Obj\stm32f4xx_ll_gpio.o
#        J:\STM32\STM32F4\STM32F429xxxProject\EWARM\STM32F429xxxProject\Obj\stm32f4xx_ll_i2c.o
#        J:\STM32\STM32F4\STM32F429xxxProject\EWARM\STM32F429xxxProject\Obj\stm32f4xx_ll_lptim.o
#        J:\STM32\STM32F4\STM32F429xxxProject\EWARM\STM32F429xxxProject\Obj\stm32f4xx_ll_pwr.o
#        J:\STM32\STM32F4\STM32F429xxxProject\EWARM\STM32F429xxxProject\Obj\stm32f4xx_ll_rcc.o
#        J:\STM32\STM32F4\STM32F429xxxProject\EWARM\STM32F429xxxProject\Obj\stm32f4xx_ll_rng.o
#        J:\STM32\STM32F4\STM32F429xxxProject\EWARM\STM32F429xxxProject\Obj\stm32f4xx_ll_rtc.o
#        J:\STM32\STM32F4\STM32F429xxxProject\EWARM\STM32F429xxxProject\Obj\stm32f4xx_ll_spi.o
#        J:\STM32\STM32F4\STM32F429xxxProject\EWARM\STM32F429xxxProject\Obj\stm32f4xx_ll_tim.o
#        J:\STM32\STM32F4\STM32F429xxxProject\EWARM\STM32F429xxxProject\Obj\stm32f4xx_ll_usart.o
#        J:\STM32\STM32F4\STM32F429xxxProject\EWARM\STM32F429xxxProject\Obj\stm32f4xx_ll_utils.o
#        J:\STM32\STM32F4\STM32F429xxxProject\EWARM\STM32F429xxxProject\Obj\system_stm32f4xx.o
#        J:\STM32\STM32F4\STM32F429xxxProject\EWARM\STM32F429xxxProject\Obj\systick_cfg.o
#        J:\STM32\STM32F4\STM32F429xxxProject\EWARM\STM32F429xxxProject\Obj\systick_lib.o
#        J:\STM32\STM32F4\STM32F429xxxProject\EWARM\STM32F429xxxProject\Obj\systick_task.o
#        J:\STM32\STM32F4\STM32F429xxxProject\EWARM\STM32F429xxxProject\Obj\usart_cfg.o
#        J:\STM32\STM32F4\STM32F429xxxProject\EWARM\STM32F429xxxProject\Obj\usart_lib.o
#        J:\STM32\STM32F4\STM32F429xxxProject\EWARM\STM32F429xxxProject\Obj\usart_task.o
#        J:\STM32\STM32F4\STM32F429xxxProject\EWARM\STM32F429xxxProject\Obj\wm8510_cfg.o
#        J:\STM32\STM32F4\STM32F429xxxProject\EWARM\STM32F429xxxProject\Obj\wm8510_lib.o
#        J:\STM32\STM32F4\STM32F429xxxProject\EWARM\STM32F429xxxProject\Obj\wm8510_task.o
#        J:\STM32\STM32F4\STM32F429xxxProject\EWARM\STM32F429xxxProject\Obj\wwdg_cfg.o
#        J:\STM32\STM32F4\STM32F429xxxProject\EWARM\STM32F429xxxProject\Obj\wwdg_lib.o
#        J:\STM32\STM32F4\STM32F429xxxProject\EWARM\STM32F429xxxProject\Obj\wwdg_task.o
#        --redirect _Printf=_PrintfFull --redirect _Scanf=_ScanfFull -o
#        J:\STM32\STM32F4\STM32F429xxxProject\EWARM\STM32F429xxxProject\Exe\STM32F429xxxProject.out
#        --map
#        J:\STM32\STM32F4\STM32F429xxxProject\EWARM\STM32F429xxxProject\List\STM32F429xxxProject.map
#        --config
#        J:\STM32\STM32F4\STM32F429xxxProject\EWARM/stm32f429xx_flash.icf
#        --semihosting --entry __iar_program_start --vfe --text_out locale)
#
###############################################################################

*******************************************************************************
*** RUNTIME MODEL ATTRIBUTES
***

CppFlavor       = *
__Heap_Handler  = DLMalloc
__SystemLibrary = DLib
__dlib_version  = 6


*******************************************************************************
*** HEAP SELECTION
***

The advanced heap was selected because the application calls memory
allocation functions outside of system library functions, and there
are calls to deallocation functions in the application.


*******************************************************************************
*** PLACEMENT SUMMARY
***

"A0":  place at 0x08000000 { ro section .intvec };
"P1":  place in [from 0x08000000 to 0x081fffff] { ro };
define block CSTACK with size = 1280, alignment = 8 { };
define block HEAP with size = 8K, alignment = 8 { };
"P2":  place in [from 0x20000000 to 0x2002ffff] {
          rw, block CSTACK, block HEAP };
initialize by copy { rw };

  Section            Kind        Address    Size  Object
  -------            ----        -------    ----  ------
"A0":                                      0x1ac
  .intvec            ro code  0x08000000   0x1ac  startup_stm32f429xx.o [1]
                            - 0x080001ac   0x1ac

"P1":                                     0x3b34
  .text              ro code  0x080001ac  0x14d4  dlmalloc.o [3]
  .text              ro code  0x08001680     0x6  abort.o [3]
  .text              ro code  0x08001688    0x2c  xgetmemchunk.o [3]
  .text              ro code  0x080016b4    0x14  exit.o [6]
  .text              ro code  0x080016c8   0x734  usart_cfg.o [1]
  .text              ro code  0x08001dfc   0x154  stm32f4xx_ll_rcc.o [1]
  .text              ro code  0x08001f50   0x308  stm32f4xx_ll_usart.o [1]
  .text              ro code  0x08002258     0x4  heaptramp0.o [3]
  .text              ro code  0x0800225c   0x170  gpio_cfg.o [1]
  .text              ro code  0x080023cc   0x18a  stm32f4xx_ll_gpio.o [1]
  .text              ro code  0x08002558   0x54c  usart_lib.o [1]
  .text              ro code  0x08002aa4    0x66  ABImemset.o [5]
  .text              ro code  0x08002b0c   0x3b0  main.o [1]
  .text              ro code  0x08002ebc     0x2  complier_lib.o [1]
  .text              ro code  0x08002ec0     0xc  stm32f4xx_ll_utils.o [1]
  .text              ro code  0x08002ecc     0x8  gpio_task.o [1]
  .text              ro code  0x08002ed4    0x10  systick_task.o [1]
  .text              ro code  0x08002ee4     0xa  usart_task.o [1]
  .text              ro code  0x08002eee     0x8  random_task.o [1]
  .text              ro code  0x08002ef6    0x10  ad5593_task.o [1]
  .text              ro code  0x08002f06     0x8  led_task.o [1]
  .text              ro code  0x08002f0e     0x8  gpio_lib.o [1]
  .text              ro code  0x08002f18    0x32  systick_lib.o [1]
  .text              ro code  0x08002f4c    0x3c  random_cfg.o [1]
  .text              ro code  0x08002f88    0x10  ad5593_lib.o [1]
  .text              ro code  0x08002f98     0x8  led_lib.o [1]
  .text              ro code  0x08002fa0   0x2a8  systick_cfg.o [1]
  .text              ro code  0x08003248    0xdc  ad5593_cfg.o [1]
  .text              ro code  0x08003324    0x5a  led_cfg.o [1]
  .text              ro code  0x0800337e    0x16  iic_task.o [1]
  .text              ro code  0x08003394    0x70  iic_lib.o [1]
  .text              ro code  0x08003404   0x37c  iic_cfg.o [1]
  .text              ro code  0x08003780    0xc0  delay_lib.o [1]
  .text              ro code  0x08003840   0x122  stm32f4xx_it.o [1]
  .text              ro code  0x08003964    0x6c  system_stm32f4xx.o [1]
  .text              ro code  0x080039d0    0x40  zero_init3.o [5]
  .rodata            const    0x08003a10    0x3c  main.o [1]
  .text              ro code  0x08003a4c    0x38  packbits_init_single.o [5]
  .text              ro code  0x08003a84    0x28  data_init.o [5]
  .text              ro code  0x08003aac    0x22  fpinit_M.o [4]
  .iar.init_table    const    0x08003ad0    0x20  - Linker created -
  .text              ro code  0x08003af0    0x1e  cmain.o [5]
  .text              ro code  0x08003b0e     0x4  low_level_init.o [3]
  .text              ro code  0x08003b12     0x4  exit.o [3]
  .text              ro code  0x08003b18     0xa  cexit.o [5]
  .rodata            const    0x08003b24    0x10  system_stm32f4xx.o [1]
  .text              ro code  0x08003b34    0x10  startup_stm32f429xx.o [1]
  .text              ro code  0x08003b44     0xc  cstartup_M.o [5]
  .rodata            const    0x08003b50     0x8  system_stm32f4xx.o [1]
  .rodata            const    0x08003b58     0x4  ad5593_cfg.o [1]
  .text              ro code  0x08003b5c     0x4  startup_stm32f429xx.o [1]
  .text              ro code  0x08003b60     0x4  startup_stm32f429xx.o [1]
  .text              ro code  0x08003b64     0x4  startup_stm32f429xx.o [1]
  .text              ro code  0x08003b68     0x4  startup_stm32f429xx.o [1]
  .text              ro code  0x08003b6c     0x4  startup_stm32f429xx.o [1]
  .text              ro code  0x08003b70     0x4  startup_stm32f429xx.o [1]
  .text              ro code  0x08003b74     0x4  startup_stm32f429xx.o [1]
  .text              ro code  0x08003b78     0x4  startup_stm32f429xx.o [1]
  .text              ro code  0x08003b7c     0x4  startup_stm32f429xx.o [1]
  .text              ro code  0x08003b80     0x4  startup_stm32f429xx.o [1]
  .text              ro code  0x08003b84     0x4  startup_stm32f429xx.o [1]
  .text              ro code  0x08003b88     0x4  startup_stm32f429xx.o [1]
  .text              ro code  0x08003b8c     0x4  startup_stm32f429xx.o [1]
  .text              ro code  0x08003b90     0x4  startup_stm32f429xx.o [1]
  .text              ro code  0x08003b94     0x4  startup_stm32f429xx.o [1]
  .text              ro code  0x08003b98     0x4  startup_stm32f429xx.o [1]
  .text              ro code  0x08003b9c     0x4  startup_stm32f429xx.o [1]
  .text              ro code  0x08003ba0     0x4  startup_stm32f429xx.o [1]
  .text              ro code  0x08003ba4     0x4  startup_stm32f429xx.o [1]
  .text              ro code  0x08003ba8     0x4  startup_stm32f429xx.o [1]
  .text              ro code  0x08003bac     0x4  startup_stm32f429xx.o [1]
  .text              ro code  0x08003bb0     0x4  startup_stm32f429xx.o [1]
  .text              ro code  0x08003bb4     0x4  startup_stm32f429xx.o [1]
  .text              ro code  0x08003bb8     0x4  startup_stm32f429xx.o [1]
  .text              ro code  0x08003bbc     0x4  startup_stm32f429xx.o [1]
  .text              ro code  0x08003bc0     0x4  startup_stm32f429xx.o [1]
  .text              ro code  0x08003bc4     0x4  startup_stm32f429xx.o [1]
  .text              ro code  0x08003bc8     0x4  startup_stm32f429xx.o [1]
  .text              ro code  0x08003bcc     0x4  startup_stm32f429xx.o [1]
  .text              ro code  0x08003bd0     0x4  startup_stm32f429xx.o [1]
  .text              ro code  0x08003bd4     0x4  startup_stm32f429xx.o [1]
  .text              ro code  0x08003bd8     0x4  startup_stm32f429xx.o [1]
  .text              ro code  0x08003bdc     0x4  startup_stm32f429xx.o [1]
  .text              ro code  0x08003be0     0x4  startup_stm32f429xx.o [1]
  .text              ro code  0x08003be4     0x4  startup_stm32f429xx.o [1]
  .text              ro code  0x08003be8     0x4  startup_stm32f429xx.o [1]
  .text              ro code  0x08003bec     0x4  startup_stm32f429xx.o [1]
  .text              ro code  0x08003bf0     0x4  startup_stm32f429xx.o [1]
  .text              ro code  0x08003bf4     0x4  startup_stm32f429xx.o [1]
  .text              ro code  0x08003bf8     0x4  startup_stm32f429xx.o [1]
  .text              ro code  0x08003bfc     0x4  startup_stm32f429xx.o [1]
  .text              ro code  0x08003c00     0x4  startup_stm32f429xx.o [1]
  .text              ro code  0x08003c04     0x4  startup_stm32f429xx.o [1]
  .text              ro code  0x08003c08     0x4  startup_stm32f429xx.o [1]
  .text              ro code  0x08003c0c     0x4  startup_stm32f429xx.o [1]
  .text              ro code  0x08003c10     0x4  startup_stm32f429xx.o [1]
  .text              ro code  0x08003c14     0x4  startup_stm32f429xx.o [1]
  .text              ro code  0x08003c18     0x4  startup_stm32f429xx.o [1]
  .text              ro code  0x08003c1c     0x4  startup_stm32f429xx.o [1]
  .text              ro code  0x08003c20     0x4  startup_stm32f429xx.o [1]
  .text              ro code  0x08003c24     0x4  startup_stm32f429xx.o [1]
  .text              ro code  0x08003c28     0x4  startup_stm32f429xx.o [1]
  .text              ro code  0x08003c2c     0x4  startup_stm32f429xx.o [1]
  .text              ro code  0x08003c30     0x4  startup_stm32f429xx.o [1]
  .text              ro code  0x08003c34     0x4  startup_stm32f429xx.o [1]
  .text              ro code  0x08003c38     0x4  startup_stm32f429xx.o [1]
  .text              ro code  0x08003c3c     0x4  startup_stm32f429xx.o [1]
  .text              ro code  0x08003c40     0x4  startup_stm32f429xx.o [1]
  .text              ro code  0x08003c44     0x4  startup_stm32f429xx.o [1]
  .text              ro code  0x08003c48     0x4  startup_stm32f429xx.o [1]
  .text              ro code  0x08003c4c     0x4  startup_stm32f429xx.o [1]
  .text              ro code  0x08003c50     0x4  startup_stm32f429xx.o [1]
  .text              ro code  0x08003c54     0x4  startup_stm32f429xx.o [1]
  .text              ro code  0x08003c58     0x4  startup_stm32f429xx.o [1]
  .text              ro code  0x08003c5c     0x4  startup_stm32f429xx.o [1]
  .text              ro code  0x08003c60     0x4  startup_stm32f429xx.o [1]
  .text              ro code  0x08003c64     0x4  startup_stm32f429xx.o [1]
  .text              ro code  0x08003c68     0x4  startup_stm32f429xx.o [1]
  .text              ro code  0x08003c6c     0x4  startup_stm32f429xx.o [1]
  .text              ro code  0x08003c70     0x4  startup_stm32f429xx.o [1]
  .text              ro code  0x08003c74     0x4  startup_stm32f429xx.o [1]
  .text              ro code  0x08003c78     0x4  startup_stm32f429xx.o [1]
  .text              ro code  0x08003c7c     0x4  startup_stm32f429xx.o [1]
  .text              ro code  0x08003c80     0x4  startup_stm32f429xx.o [1]
  .text              ro code  0x08003c84     0x4  startup_stm32f429xx.o [1]
  .text              ro code  0x08003c88     0x4  startup_stm32f429xx.o [1]
  .text              ro code  0x08003c8c     0x4  startup_stm32f429xx.o [1]
  .text              ro code  0x08003c90     0x4  startup_stm32f429xx.o [1]
  .text              ro code  0x08003c94     0x4  startup_stm32f429xx.o [1]
  .text              ro code  0x08003c98     0x4  startup_stm32f429xx.o [1]
  .text              ro code  0x08003c9c     0x4  startup_stm32f429xx.o [1]
  .text              ro code  0x08003ca0     0x4  startup_stm32f429xx.o [1]
  .text              ro code  0x08003ca4     0x4  startup_stm32f429xx.o [1]
  .text              ro code  0x08003ca8     0x4  startup_stm32f429xx.o [1]
  .text              ro code  0x08003cac     0x4  startup_stm32f429xx.o [1]
  .text              ro code  0x08003cb0     0x4  startup_stm32f429xx.o [1]
  .text              ro code  0x08003cb4     0x4  startup_stm32f429xx.o [1]
  .text              ro code  0x08003cb8     0x4  startup_stm32f429xx.o [1]
  .rodata            const    0x08003cbc     0x0  zero_init3.o [5]
  .rodata            const    0x08003cbc     0x0  packbits_init_single.o [5]
  Initializer bytes  const    0x08003cbc    0x24  <for P2-1>
                            - 0x08003ce0  0x3b34

"P2", part 1 of 3:                          0x40
  P2-1                        0x20000000    0x40  <Init block>
    .data            inited   0x20000000    0x30  ad5593_cfg.o [1]
    .data            inited   0x20000030     0x4  ad5593_cfg.o [1]
    .data            inited   0x20000034     0x4  system_stm32f4xx.o [1]
    .data            inited   0x20000038     0x4  systick_cfg.o [1]
    .data            inited   0x2000003c     0x4  usart_cfg.o [1]
                            - 0x20000040    0x40

"P2", part 2 of 3:                         0x248
  .bss               zero     0x20000040   0x1d8  dlmalloc.o [3]
  .bss               zero     0x20000218    0x30  usart_cfg.o [1]
  .bss               zero     0x20000248    0x1c  systick_cfg.o [1]
  .bss               zero     0x20000264    0x18  dlmalloc.o [3]
  .bss               zero     0x2000027c     0x4  ad5593_cfg.o [1]
  .bss               zero     0x20000280     0x4  ad5593_cfg.o [1]
  .bss               zero     0x20000284     0x4  xgetmemchunk.o [3]
                            - 0x20000288   0x248

"P2", part 3 of 3:                        0x2500
  CSTACK                      0x20000288   0x500  <Block>
    CSTACK           uninit   0x20000288   0x500  <Block tail>
  HEAP                        0x20000788  0x2000  <Block>
    HEAP             uninit   0x20000788  0x2000  <Block tail>
                            - 0x20002788  0x2500


*******************************************************************************
*** INIT TABLE
***

          Address     Size
          -------     ----
Zero (__iar_zero_init3)
    1 destination range, total size 0x248:
          0x20000040  0x248

Copy/packbits (__iar_packbits_init_single3)
    1 source range, total size 0x24 (56% of destination):
          0x08003cbc   0x24
    1 destination range, total size 0x40:
          0x20000000   0x40



*******************************************************************************
*** MODULE SUMMARY
***

    Module                  ro code  ro data  rw data
    ------                  -------  -------  -------
J:\STM32\STM32F4\STM32F429xxxProject\EWARM\STM32F429xxxProject\Obj: [1]
    ad5593_cfg.o                220       33       60
    ad5593_lib.o                 16
    ad5593_task.o                16
    complier_lib.o                2
    delay_lib.o                 192
    gpio_cfg.o                  368
    gpio_lib.o                    8
    gpio_task.o                   8
    iic_cfg.o                   892
    iic_lib.o                   112
    iic_task.o                   22
    led_cfg.o                    90
    led_lib.o                     8
    led_task.o                    8
    main.o                      944       60
    random_cfg.o                 60
    random_task.o                 8
    startup_stm32f429xx.o       796
    stm32f4xx_it.o              290
    stm32f4xx_ll_gpio.o         394
    stm32f4xx_ll_rcc.o          340
    stm32f4xx_ll_usart.o        776
    stm32f4xx_ll_utils.o         12
    system_stm32f4xx.o          108       26        4
    systick_cfg.o               680        2       32
    systick_lib.o                50
    systick_task.o               16
    usart_cfg.o               1 844        3       52
    usart_lib.o               1 356
    usart_task.o                 10
    -------------------------------------------------
    Total:                    9 646      124      148

command line: [2]
    -------------------------------------------------
    Total:

dl7M_tlf.a: [3]
    abort.o                       6
    dlmalloc.o                5 332               496
    exit.o                        4
    heaptramp0.o                  4
    low_level_init.o              4
    xgetmemchunk.o               44                 4
    -------------------------------------------------
    Total:                    5 394               500

m7M_tls.a: [4]
    fpinit_M.o                   34
    -------------------------------------------------
    Total:                       34

rt7M_tl.a: [5]
    ABImemset.o                 102
    cexit.o                      10
    cmain.o                      30
    cstartup_M.o                 12
    data_init.o                  40
    packbits_init_single.o       56
    zero_init3.o                 64
    -------------------------------------------------
    Total:                      314

shb_l.a: [6]
    exit.o                       20
    -------------------------------------------------
    Total:                       20

    Gaps                         16        4
    Linker created                        32    9 472
-----------------------------------------------------
    Grand Total:             15 424      160   10 120


*******************************************************************************
*** ENTRY LIST
***

Entry                      Address   Size  Type      Object
-----                      -------   ----  ----      ------
.iar.init_table$$Base   0x08003ad0          --   Gb  - Linker created -
.iar.init_table$$Limit  0x08003af0          --   Gb  - Linker created -
?main                   0x08003af1         Code  Gb  cmain.o [5]
AD5593Lib_IIC_CheckDevice
                        0x08002f91    0x8  Code  Gb  ad5593_lib.o [1]
AD5593Lib_IIC_Init      0x08002f89    0x8  Code  Gb  ad5593_lib.o [1]
AD5593Task_IIC_CheckDevice
                        0x08002eff    0x8  Code  Gb  ad5593_task.o [1]
AD5593Task_IIC_Init     0x08002ef7    0x8  Code  Gb  ad5593_task.o [1]
AD5593_IIC_CheckDevice  0x080032ef   0x26  Code  Gb  ad5593_cfg.o [1]
AD5593_IIC_Init         0x08003249   0x2e  Code  Gb  ad5593_cfg.o [1]
AD5593_IIC_SW_ReadCmd   0x080032e5    0xa  Code  Gb  ad5593_cfg.o [1]
AD5593_IIC_SW_ReadData  0x08003297   0x40  Code  Gb  ad5593_cfg.o [1]
AD5593_IIC_SW_SendCmd   0x080032d9    0xa  Code  Gb  ad5593_cfg.o [1]
AD5593_IIC_SW_SendData  0x08003277   0x20  Code  Gb  ad5593_cfg.o [1]
AD5593_READ_CMD         0x20000280    0x4  Data  Gb  ad5593_cfg.o [1]
AD5593_SEND_CMD         0x2000027c    0x4  Data  Gb  ad5593_cfg.o [1]
AHBPrescTable           0x08003b24   0x10  Data  Gb  system_stm32f4xx.o [1]
APBPrescTable           0x08003b50    0x8  Data  Gb  system_stm32f4xx.o [1]
BusFault_Handler        0x08003899    0x2  Code  Gb  stm32f4xx_it.o [1]
CSTACK$$Base            0x20000288          --   Gb  - Linker created -
CSTACK$$Limit           0x20000788          --   Gb  - Linker created -
DebugMon_Handler        0x0800389f    0x2  Code  Gb  stm32f4xx_it.o [1]
DelayN_us               0x080037b3   0x84  Code  Gb  delay_lib.o [1]
Delay_us                0x08003781   0x32  Code  Gb  delay_lib.o [1]
GPIOLib_Init            0x08002f0f    0x8  Code  Gb  gpio_lib.o [1]
GPIOTask_Init           0x08002ecd    0x8  Code  Gb  gpio_task.o [1]
GPIO_ClockInit          0x080022eb   0x3c  Code  Gb  gpio_cfg.o [1]
GPIO_EnableClock        0x08002277   0x74  Code  Gb  gpio_cfg.o [1]
GPIO_Init               0x08002327   0x7a  Code  Gb  gpio_cfg.o [1]
HEAP$$Base              0x20000788          --   Gb  - Linker created -
HEAP$$Limit             0x20002788          --   Gb  - Linker created -
HardFault_Handler       0x08003895    0x2  Code  Gb  stm32f4xx_it.o [1]
I2CLib_HandlerType_Master_SoftDeInit
                        0x080033a9    0x8  Code  Gb  iic_lib.o [1]
I2CLib_HandlerType_Master_SoftInit
                        0x08003395   0x14  Code  Gb  iic_lib.o [1]
I2CLib_HandlerType_Master_SoftReadData
                        0x080033bb    0xa  Code  Gb  iic_lib.o [1]
I2CLib_HandlerType_Master_SoftSendData
                        0x080033b1    0xa  Code  Gb  iic_lib.o [1]
I2CLib_HandlerType_Msg  0x080033c5   0x40  Code  Gb  iic_lib.o [1]
I2CTask_HandlerType_Master_Init
                        0x0800337f   0x16  Code  Gb  iic_task.o [1]
I2C_HandlerType_Master_SoftAck
                        0x080035a1   0x3a  Code  Gb  iic_cfg.o [1]
I2C_HandlerType_Master_SoftDeInit
                        0x08003495   0x2c  Code  Gb  iic_cfg.o [1]
I2C_HandlerType_Master_SoftInit
                        0x0800344d   0x48  Code  Gb  iic_cfg.o [1]
I2C_HandlerType_Master_SoftNotAck
                        0x08003567   0x3a  Code  Gb  iic_cfg.o [1]
I2C_HandlerType_Master_SoftReadAck
                        0x08003521   0x46  Code  Gb  iic_cfg.o [1]
I2C_HandlerType_Master_SoftReadByte
                        0x0800364d   0x48  Code  Gb  iic_cfg.o [1]
I2C_HandlerType_Master_SoftReadData
                        0x08003705   0x7c  Code  Gb  iic_cfg.o [1]
I2C_HandlerType_Master_SoftSendAck
                        0x080035db   0x16  Code  Gb  iic_cfg.o [1]
I2C_HandlerType_Master_SoftSendByte
                        0x080035f1   0x5c  Code  Gb  iic_cfg.o [1]
I2C_HandlerType_Master_SoftSendData
                        0x08003695   0x70  Code  Gb  iic_cfg.o [1]
I2C_HandlerType_Master_SoftStart
                        0x080034c1   0x2c  Code  Gb  iic_cfg.o [1]
I2C_HandlerType_Master_SoftStop
                        0x080034ed   0x34  Code  Gb  iic_cfg.o [1]
LEDLib_Init             0x08002f99    0x8  Code  Gb  led_lib.o [1]
LEDTask_Init            0x08002f07    0x8  Code  Gb  led_task.o [1]
LED_Init                0x08003371    0xe  Code  Gb  led_cfg.o [1]
LED_RGB_Init            0x0800336d    0x4  Code  Gb  led_cfg.o [1]
LED_Work_Change         0x08003357    0xe  Code  Gb  led_cfg.o [1]
LED_Work_Init           0x0800332d   0x2a  Code  Gb  led_cfg.o [1]
LL_AHB1_GRP1_EnableClock
                        0x0800225d   0x1a  Code  Lc  gpio_cfg.o [1]
LL_AHB2_GRP1_EnableClock
                        0x08002f4d   0x1a  Code  Lc  random_cfg.o [1]
LL_APB1_GRP1_DisableClock
                        0x08001771   0x12  Code  Lc  usart_cfg.o [1]
LL_APB1_GRP1_EnableClock
                        0x08001751   0x20  Code  Lc  usart_cfg.o [1]
LL_APB1_GRP1_ForceReset
                        0x08001f51    0xc  Code  Lc  stm32f4xx_ll_usart.o [1]
LL_APB1_GRP1_ReleaseReset
                        0x08001f5d    0xe  Code  Lc  stm32f4xx_ll_usart.o [1]
LL_APB2_GRP1_DisableClock
                        0x080017a3   0x12  Code  Lc  usart_cfg.o [1]
LL_APB2_GRP1_EnableClock
                        0x08001783   0x20  Code  Lc  usart_cfg.o [1]
LL_APB2_GRP1_ForceReset
                        0x08001f6b    0xc  Code  Lc  stm32f4xx_ll_usart.o [1]
LL_APB2_GRP1_ReleaseReset
                        0x08001f77    0xe  Code  Lc  stm32f4xx_ll_usart.o [1]
LL_FLASH_EnableDataCache
                        0x08002cfd    0xe  Code  Lc  main.o [1]
LL_FLASH_EnableInstCache
                        0x08002cef    0xe  Code  Lc  main.o [1]
LL_FLASH_EnablePrefetch
                        0x08002ce1    0xe  Code  Lc  main.o [1]
LL_FLASH_GetLatency     0x08002cd7    0xa  Code  Lc  main.o [1]
LL_FLASH_SetLatency     0x08002cc7   0x10  Code  Lc  main.o [1]
LL_GPIO_Init            0x080024bb   0x9c  Code  Gb  stm32f4xx_ll_gpio.o [1]
LL_GPIO_IsInputPinSet   0x08003431   0x12  Code  Lc  iic_cfg.o [1]
LL_GPIO_ResetOutputPin  0x08003447    0x6  Code  Lc  iic_cfg.o [1]
LL_GPIO_SetAFPin_0_7    0x0800245d   0x2c  Code  Lc  stm32f4xx_ll_gpio.o [1]
LL_GPIO_SetAFPin_8_15   0x08002489   0x32  Code  Lc  stm32f4xx_ll_gpio.o [1]
LL_GPIO_SetOutputPin    0x08003443    0x4  Code  Lc  iic_cfg.o [1]
LL_GPIO_SetPinMode      0x08003405   0x2c  Code  Lc  iic_cfg.o [1]
LL_GPIO_SetPinMode      0x080023cd   0x2c  Code  Lc  stm32f4xx_ll_gpio.o [1]
LL_GPIO_SetPinMode      0x080017b5   0x2c  Code  Lc  usart_cfg.o [1]
LL_GPIO_SetPinOutputType
                        0x080023f9    0xc  Code  Lc  stm32f4xx_ll_gpio.o [1]
LL_GPIO_SetPinPull      0x08002431   0x2c  Code  Lc  stm32f4xx_ll_gpio.o [1]
LL_GPIO_SetPinSpeed     0x08002405   0x2c  Code  Lc  stm32f4xx_ll_gpio.o [1]
LL_GPIO_TogglePin       0x08003325    0x8  Code  Lc  led_cfg.o [1]
LL_GPIO_TogglePin       0x0800303d    0x8  Code  Lc  systick_cfg.o [1]
LL_InitTick             0x08003045   0x18  Code  Lc  systick_cfg.o [1]
LL_PWR_DisableOverDriveMode
                        0x08002bbd    0xe  Code  Lc  main.o [1]
LL_PWR_SetRegulVoltageScaling
                        0x08002bcb   0x10  Code  Lc  main.o [1]
LL_RCC_GetAHBPrescaler  0x08001e09    0xc  Code  Lc  stm32f4xx_ll_rcc.o [1]
LL_RCC_GetAPB1Prescaler
                        0x08001e15    0xc  Code  Lc  stm32f4xx_ll_rcc.o [1]
LL_RCC_GetAPB2Prescaler
                        0x08001e21    0xc  Code  Lc  stm32f4xx_ll_rcc.o [1]
LL_RCC_GetSysClkSource  0x08002c1f    0xa  Code  Lc  main.o [1]
LL_RCC_GetSysClkSource  0x08001dfd    0xc  Code  Lc  stm32f4xx_ll_rcc.o [1]
LL_RCC_GetSystemClocksFreq
                        0x08001e5d   0x24  Code  Gb  stm32f4xx_ll_rcc.o [1]
LL_RCC_HSE_Enable       0x08002bdb    0xe  Code  Lc  main.o [1]
LL_RCC_HSE_IsReady      0x08002be9    0xc  Code  Lc  main.o [1]
LL_RCC_LSI_Enable       0x08002bf5    0xe  Code  Lc  main.o [1]
LL_RCC_LSI_IsReady      0x08002c03    0xc  Code  Lc  main.o [1]
LL_RCC_PLL_ConfigDomain_48M
                        0x08002cab   0x1c  Code  Lc  main.o [1]
LL_RCC_PLL_ConfigDomain_SYS
                        0x08002c83   0x28  Code  Lc  main.o [1]
LL_RCC_PLL_Enable       0x08002c69    0xe  Code  Lc  main.o [1]
LL_RCC_PLL_GetDivider   0x08001e51    0xc  Code  Lc  stm32f4xx_ll_rcc.o [1]
LL_RCC_PLL_GetMainSource
                        0x08001e2d    0xc  Code  Lc  stm32f4xx_ll_rcc.o [1]
LL_RCC_PLL_GetN         0x08001e39    0xc  Code  Lc  stm32f4xx_ll_rcc.o [1]
LL_RCC_PLL_GetP         0x08001e45    0xc  Code  Lc  stm32f4xx_ll_rcc.o [1]
LL_RCC_PLL_IsReady      0x08002c77    0xc  Code  Lc  main.o [1]
LL_RCC_SetAHBPrescaler  0x08002c29   0x10  Code  Lc  main.o [1]
LL_RCC_SetAPB1Prescaler
                        0x08002c39   0x10  Code  Lc  main.o [1]
LL_RCC_SetAPB2Prescaler
                        0x08002c49   0x10  Code  Lc  main.o [1]
LL_RCC_SetSysClkSource  0x08002c0f   0x10  Code  Lc  main.o [1]
LL_RCC_SetTIMPrescaler  0x08002c59   0x10  Code  Lc  main.o [1]
LL_RNG_Enable           0x08002f67    0xa  Code  Lc  random_cfg.o [1]
LL_SYSTICK_SetClkSource
                        0x08002b9d   0x20  Code  Lc  main.o [1]
LL_SetSystemCoreClock   0x08002ec1    0x6  Code  Gb  stm32f4xx_ll_utils.o [1]
LL_USART_ClearFlag_RXNE
                        0x08003867    0x8  Code  Lc  stm32f4xx_it.o [1]
LL_USART_ClearFlag_TC   0x0800385f    0x8  Code  Lc  stm32f4xx_it.o [1]
LL_USART_ConfigAsyncMode
                        0x08001923   0x12  Code  Lc  usart_cfg.o [1]
LL_USART_DeInit         0x080020b3   0xc4  Code  Gb  stm32f4xx_ll_usart.o [1]
LL_USART_DisableIT_IDLE
                        0x0800195d    0xa  Code  Lc  usart_cfg.o [1]
LL_USART_DisableIT_RXNE
                        0x08001967    0xa  Code  Lc  usart_cfg.o [1]
LL_USART_DisableIT_TC   0x08001971    0xa  Code  Lc  usart_cfg.o [1]
LL_USART_DisableIT_TXE  0x0800197b    0xa  Code  Lc  usart_cfg.o [1]
LL_USART_Enable         0x080017e1    0xa  Code  Lc  usart_cfg.o [1]
LL_USART_EnableIT_IDLE  0x08001935    0xa  Code  Lc  usart_cfg.o [1]
LL_USART_EnableIT_RXNE  0x0800193f    0xa  Code  Lc  usart_cfg.o [1]
LL_USART_EnableIT_TC    0x08001949    0xa  Code  Lc  usart_cfg.o [1]
LL_USART_EnableIT_TXE   0x08001953    0xa  Code  Lc  usart_cfg.o [1]
LL_USART_GetOverSampling
                        0x08001803    0x8  Code  Lc  usart_cfg.o [1]
LL_USART_Init           0x08002177   0xb2  Code  Gb  stm32f4xx_ll_usart.o [1]
LL_USART_IsActiveFlag_RXNE
                        0x08003841    0xa  Code  Lc  stm32f4xx_it.o [1]
LL_USART_IsActiveFlag_TC
                        0x0800384b    0xa  Code  Lc  stm32f4xx_it.o [1]
LL_USART_IsActiveFlag_TXE
                        0x08003855    0xa  Code  Lc  stm32f4xx_it.o [1]
LL_USART_IsEnabled      0x08001f85    0xa  Code  Lc  stm32f4xx_ll_usart.o [1]
LL_USART_IsEnabledIT_RXNE
                        0x0800386f    0xa  Code  Lc  stm32f4xx_it.o [1]
LL_USART_IsEnabledIT_TC
                        0x08003879    0xa  Code  Lc  stm32f4xx_it.o [1]
LL_USART_IsEnabledIT_TXE
                        0x08003883    0xa  Code  Lc  stm32f4xx_it.o [1]
LL_USART_ReceiveData8   0x0800388d    0x6  Code  Lc  stm32f4xx_it.o [1]
LL_USART_ReceiveData8   0x08001985    0x6  Code  Lc  usart_cfg.o [1]
LL_USART_SetBaudRate    0x08001fa7  0x10c  Code  Lc  stm32f4xx_ll_usart.o [1]
LL_USART_SetBaudRate    0x08001817  0x10c  Code  Lc  usart_cfg.o [1]
LL_USART_SetDataWidth   0x080017f7    0xc  Code  Lc  usart_cfg.o [1]
LL_USART_SetHWFlowCtrl  0x08001f9b    0xc  Code  Lc  stm32f4xx_ll_usart.o [1]
LL_USART_SetParity      0x080017eb    0xc  Code  Lc  usart_cfg.o [1]
LL_USART_SetStopBitsLength
                        0x08001f8f    0xc  Code  Lc  stm32f4xx_ll_usart.o [1]
LL_USART_SetStopBitsLength
                        0x0800180b    0xc  Code  Lc  usart_cfg.o [1]
LL_USART_TransmitData8  0x0800198b    0x6  Code  Lc  usart_cfg.o [1]
MemManage_Handler       0x08003897    0x2  Code  Gb  stm32f4xx_it.o [1]
NMI_Handler             0x08003893    0x2  Code  Gb  stm32f4xx_it.o [1]
NVIC_EnableIRQ          0x08002fc7   0x14  Code  Lc  systick_cfg.o [1]
NVIC_EnableIRQ          0x080016d5   0x16  Code  Lc  usart_cfg.o [1]
NVIC_EncodePriority     0x08002b5f   0x3e  Code  Lc  main.o [1]
NVIC_EncodePriority     0x08002fff   0x3e  Code  Lc  systick_cfg.o [1]
NVIC_EncodePriority     0x08001713   0x3e  Code  Lc  usart_cfg.o [1]
NVIC_GetPriorityGrouping
                        0x08002b2f    0xc  Code  Lc  main.o [1]
NVIC_GetPriorityGrouping
                        0x08002fbd    0xa  Code  Lc  systick_cfg.o [1]
NVIC_GetPriorityGrouping
                        0x080016c9    0xc  Code  Lc  usart_cfg.o [1]
NVIC_SetPriority        0x08002b3b   0x24  Code  Lc  main.o [1]
NVIC_SetPriority        0x08002fdb   0x24  Code  Lc  systick_cfg.o [1]
NVIC_SetPriority        0x080016eb   0x28  Code  Lc  usart_cfg.o [1]
NVIC_SetPriorityGrouping
                        0x08002b0d   0x22  Code  Lc  main.o [1]
NVIC_SetPriorityGrouping
                        0x08002fa1   0x1c  Code  Lc  systick_cfg.o [1]
OTG_FS_IRQHandler       0x08003961    0x2  Code  Gb  stm32f4xx_it.o [1]
PendSV_Handler          0x080038a1    0x2  Code  Gb  stm32f4xx_it.o [1]
RCC_GetHCLKClockFreq    0x08001eab   0x16  Code  Gb  stm32f4xx_ll_rcc.o [1]
RCC_GetPCLK1ClockFreq   0x08001ec1   0x14  Code  Gb  stm32f4xx_ll_rcc.o [1]
RCC_GetPCLK2ClockFreq   0x08001ed5   0x14  Code  Gb  stm32f4xx_ll_rcc.o [1]
RCC_GetSystemClockFreq  0x08001e81   0x2a  Code  Gb  stm32f4xx_ll_rcc.o [1]
RCC_PLL_GetFreqDomain_SYS
                        0x08001ee9   0x4e  Code  Gb  stm32f4xx_ll_rcc.o [1]
RandomTask_Init         0x08002eef    0x8  Code  Gb  random_task.o [1]
Random_Init             0x08002f71   0x10  Code  Gb  random_cfg.o [1]
Region$$Table$$Base     0x08003ad0          --   Gb  - Linker created -
Region$$Table$$Limit    0x08003af0          --   Gb  - Linker created -
SVC_Handler             0x0800389d    0x2  Code  Gb  stm32f4xx_it.o [1]
SysNVIC_Init            0x08002db5   0x8e  Code  Gb  main.o [1]
SysTickCfg_DecInit      0x08003195   0x1a  Code  Gb  systick_cfg.o [1]
SysTickCfg_GetSysTick   0x080031cb   0x14  Code  Gb  systick_cfg.o [1]
SysTickCfg_GetUsX100    0x080031b7    0x8  Code  Gb  systick_cfg.o [1]
SysTickCfg_IRQHandler   0x080031bf    0xc  Code  Gb  systick_cfg.o [1]
SysTickCfg_IncInit      0x080030b7   0xde  Code  Gb  systick_cfg.o [1]
SysTickCfg_Init         0x0800306b   0x4c  Code  Gb  systick_cfg.o [1]
SysTickCfg_ReSetSysTick
                        0x080031ff   0x16  Code  Gb  systick_cfg.o [1]
SysTickCfg_ResumeTick   0x0800305d    0xe  Code  Gb  systick_cfg.o [1]
SysTickCfg_SetUsX100    0x080031af    0x8  Code  Gb  systick_cfg.o [1]
SysTickCfg_WaitSysTick  0x080031df   0x20  Code  Gb  systick_cfg.o [1]
SysTickLib_GetSysTick   0x08002f31    0x8  Code  Gb  systick_lib.o [1]
SysTickLib_IRQHandler   0x08002f29    0x8  Code  Gb  systick_lib.o [1]
SysTickLib_Init         0x08002f19    0x8  Code  Gb  systick_lib.o [1]
SysTickLib_ReSetSysTick
                        0x08002f43    0x8  Code  Gb  systick_lib.o [1]
SysTickLib_SetUsX100    0x08002f21    0x8  Code  Gb  systick_lib.o [1]
SysTickLib_WaitSysTick  0x08002f39    0xa  Code  Gb  systick_lib.o [1]
SysTickTask_IRQHandler  0x08002edd    0x8  Code  Gb  systick_task.o [1]
SysTickTask_Init        0x08002ed5    0x8  Code  Gb  systick_task.o [1]
SysTick_Handler         0x080038a3    0x8  Code  Gb  stm32f4xx_it.o [1]
Sys_Init                0x08002e43   0x2e  Code  Gb  main.o [1]
SystemClock_Config      0x08002d0b   0xaa  Code  Gb  main.o [1]
SystemCoreClock         0x20000034    0x4  Data  Gb  system_stm32f4xx.o [1]
SystemInit              0x08003965   0x4c  Code  Gb  system_stm32f4xx.o [1]
USART1_HandlerType_Init
                        0x08001cf5   0xaa  Code  Gb  usart_cfg.o [1]
USART1_IRQHandler       0x080038ab   0xb2  Code  Gb  stm32f4xx_it.o [1]
USART2_HandlerType_Init
                        0x08001de1    0x4  Code  Gb  usart_cfg.o [1]
USART3_HandlerType_Init
                        0x08001de5    0x4  Code  Gb  usart_cfg.o [1]
USART4_HandlerType_Init
                        0x08001de9    0x4  Code  Gb  usart_cfg.o [1]
USART5_HandlerType_Init
                        0x08001ded    0x4  Code  Gb  usart_cfg.o [1]
USART6_HandlerType_Init
                        0x08001df1    0x4  Code  Gb  usart_cfg.o [1]
USART7_HandlerType_Init
                        0x08001df5    0x4  Code  Gb  usart_cfg.o [1]
USART8_HandlerType_Init
                        0x08001df9    0x4  Code  Gb  usart_cfg.o [1]
USARTLib_HandlerType_DeInit
                        0x08002619   0x14  Code  Gb  usart_lib.o [1]
USARTLib_HandlerType_GPIO_SetPinMode
                        0x08002581    0x8  Code  Gb  usart_lib.o [1]
USARTLib_HandlerType_IT_IDLE
                        0x08002577    0xa  Code  Gb  usart_lib.o [1]
USARTLib_HandlerType_IT_RXNE
                        0x0800256d    0xa  Code  Gb  usart_lib.o [1]
USARTLib_HandlerType_IT_TC
                        0x08002559    0xa  Code  Gb  usart_lib.o [1]
USARTLib_HandlerType_IT_TXE
                        0x08002563    0xa  Code  Gb  usart_lib.o [1]
USARTLib_HandlerType_Init
                        0x080025bb   0x5e  Code  Gb  usart_lib.o [1]
USARTLib_HandlerType_Msg
                        0x08002991  0x114  Code  Gb  usart_lib.o [1]
USARTLib_HandlerType_RXNEHandler
                        0x0800262d   0xde  Code  Gb  usart_lib.o [1]
USARTLib_HandlerType_ReceiveData8
                        0x08002593    0x8  Code  Gb  usart_lib.o [1]
USARTLib_HandlerType_RxInit
                        0x08002965   0x2a  Code  Gb  usart_lib.o [1]
USARTLib_HandlerType_SetBandRate
                        0x0800259b    0x8  Code  Gb  usart_lib.o [1]
USARTLib_HandlerType_SetDataWidth
                        0x080025a3    0x8  Code  Gb  usart_lib.o [1]
USARTLib_HandlerType_SetParity
                        0x080025ab    0x8  Code  Gb  usart_lib.o [1]
USARTLib_HandlerType_SetStopBits
                        0x080025b3    0x8  Code  Gb  usart_lib.o [1]
USARTLib_HandlerType_TCHandler
                        0x080027ad   0x2c  Code  Gb  usart_lib.o [1]
USARTLib_HandlerType_TXEHandler
                        0x0800270b   0xa2  Code  Gb  usart_lib.o [1]
USARTLib_HandlerType_TXESendByte
                        0x080027d9   0x44  Code  Gb  usart_lib.o [1]
USARTLib_HandlerType_TXESendByteCrc
                        0x0800281d   0x52  Code  Gb  usart_lib.o [1]
USARTLib_HandlerType_TXESendData
                        0x0800286f   0x62  Code  Gb  usart_lib.o [1]
USARTLib_HandlerType_TXESendDataCrc
                        0x080028d1   0x94  Code  Gb  usart_lib.o [1]
USARTLib_HandlerType_TransmitData8
                        0x08002589    0xa  Code  Gb  usart_lib.o [1]
USARTTask_HandlerType_Init
                        0x08002ee5    0xa  Code  Gb  usart_task.o [1]
USART_DisableClock      0x08001a1f   0x8e  Code  Gb  usart_cfg.o [1]
USART_EnableClock       0x08001991   0x8e  Code  Gb  usart_cfg.o [1]
USART_HandlerType_DeInit
                        0x08001bf5   0x1a  Code  Gb  usart_cfg.o [1]
USART_HandlerType_GPIO_SetPinMode
                        0x08001b15   0x20  Code  Gb  usart_cfg.o [1]
USART_HandlerType_IT_IDLE
                        0x08001afb   0x1a  Code  Gb  usart_cfg.o [1]
USART_HandlerType_IT_RXNE
                        0x08001ae1   0x1a  Code  Gb  usart_cfg.o [1]
USART_HandlerType_IT_TC
                        0x08001aad   0x1a  Code  Gb  usart_cfg.o [1]
USART_HandlerType_IT_TXE
                        0x08001ac7   0x1a  Code  Gb  usart_cfg.o [1]
USART_HandlerType_Init  0x08001c95   0x60  Code  Gb  usart_cfg.o [1]
USART_HandlerType_ReceiveData8
                        0x08001b43    0xa  Code  Gb  usart_cfg.o [1]
USART_HandlerType_SetBandRate
                        0x08001b4d   0x84  Code  Gb  usart_cfg.o [1]
USART_HandlerType_SetDataWidth
                        0x08001bd1    0xc  Code  Gb  usart_cfg.o [1]
USART_HandlerType_SetParity
                        0x08001bdd    0xc  Code  Gb  usart_cfg.o [1]
USART_HandlerType_SetStopBits
                        0x08001be9    0xc  Code  Gb  usart_cfg.o [1]
USART_HandlerType_StructInit
                        0x08001c0f   0x86  Code  Gb  usart_cfg.o [1]
USART_HandlerType_TransmitData8
                        0x08001b35    0xe  Code  Gb  usart_cfg.o [1]
UsageFault_Handler      0x0800389b    0x2  Code  Gb  stm32f4xx_it.o [1]
_Error_Handler          0x08002ebd    0x2  Code  Gb  complier_lib.o [1]
__aeabi_memset          0x08002aa5         Code  Gb  ABImemset.o [5]
__cmain                 0x08003af1         Code  Gb  cmain.o [5]
__data_GetMemChunk      0x08001689   0x2c  Code  Gb  xgetmemchunk.o [3]
__data_GetMemChunk::start
                        0x20000284    0x4  Data  Lc  xgetmemchunk.o [3]
__exit                  0x080016b5   0x14  Code  Gb  exit.o [6]
__iar_Memset            0x08002aa5         Code  Gb  ABImemset.o [5]
__iar_Memset_word       0x08002aad         Code  Gb  ABImemset.o [5]
__iar_data_init3        0x08003a85   0x28  Code  Gb  data_init.o [5]
__iar_dlfree            0x08001187  0x4f6  Code  Gb  dlmalloc.o [3]
__iar_dlmalloc          0x08000ed1  0x2b6  Code  Gb  dlmalloc.o [3]
__iar_init_vfp          0x08003aad         Code  Gb  fpinit_M.o [4]
__iar_packbits_init_single3
                        0x08003a4d   0x38  Code  Gb  packbits_init_single.o [5]
__iar_program_start     0x08003b45         Code  Gb  cstartup_M.o [5]
__iar_systems$$module {Abs}
                        0x00000001         Data  Gb  command line/config [2]
__iar_zero_init3        0x080039d1   0x40  Code  Gb  zero_init3.o [5]
__low_level_init        0x08003b0f    0x4  Code  Gb  low_level_init.o [3]
__vector_table          0x08000000         Data  Gb  startup_stm32f429xx.o [1]
_call_main              0x08003afd         Code  Gb  cmain.o [5]
_exit                   0x08003b19         Code  Gb  cexit.o [5]
_gm_                    0x20000040  0x1d8  Data  Lc  dlmalloc.o [3]
_main                   0x08003b0b         Code  Gb  cmain.o [5]
abort                   0x08001681    0x6  Code  Gb  abort.o [3]
add_segment             0x08000571  0x1f2  Code  Lc  dlmalloc.o [3]
exit                    0x08003b13    0x4  Code  Gb  exit.o [3]
free                    0x08002259    0x4  Code  Gb  heaptramp0.o [3]
g_AD5593HandlerType     0x20000000   0x30  Data  Gb  ad5593_cfg.o [1]
g_SysTick               0x20000248   0x1c  Data  Gb  systick_cfg.o [1]
g_USART1                0x20000218   0x30  Data  Gb  usart_cfg.o [1]
init_mparams            0x080001cb   0x32  Code  Lc  dlmalloc.o [3]
init_top                0x080001fd   0x32  Code  Lc  dlmalloc.o [3]
main                    0x08002eb5    0x8  Code  Gb  main.o [1]
mparams                 0x20000264   0x18  Data  Lc  dlmalloc.o [3]
pAD5593HandlerType      0x20000030    0x4  Data  Gb  ad5593_cfg.o [1]
pSysTick                0x20000038    0x4  Data  Gb  systick_cfg.o [1]
pUSART1                 0x2000003c    0x4  Data  Gb  usart_cfg.o [1]
prepend_alloc           0x0800022f  0x342  Code  Lc  dlmalloc.o [3]
segment_holding         0x080001ad   0x1e  Code  Lc  dlmalloc.o [3]
sys_alloc               0x08000769  0x164  Code  Lc  dlmalloc.o [3]
sys_trim                0x080008cd   0x66  Code  Lc  dlmalloc.o [3]
tmalloc_large           0x08000941  0x384  Code  Lc  dlmalloc.o [3]
tmalloc_small           0x08000cc5  0x1fe  Code  Lc  dlmalloc.o [3]


[1] = J:\STM32\STM32F4\STM32F429xxxProject\EWARM\STM32F429xxxProject\Obj
[2] = command line
[3] = dl7M_tlf.a
[4] = m7M_tls.a
[5] = rt7M_tl.a
[6] = shb_l.a

  15 424 bytes of readonly  code memory
     160 bytes of readonly  data memory
  10 120 bytes of readwrite data memory

Errors: none
Warnings: none
